[2026-03-07 02:56:47,879] root - INFO - Model Recommendation Config: ModelRecommendationConfig(book_name_serialized_objects='artifacts\\serialized_object\\book_names.pkl', book_pivot_serialized_objects='artifacts\\serialized_object\\book_pivot.pkl', final_rating_serialized_objects='artifacts\\serialized_object\\final_rating.pkl', trained_model_path='artifacts\\trained_model\\model.pkl')
[2026-03-07 02:57:30,736] root - INFO - Model Recommendation Config: ModelRecommendationConfig(book_name_serialized_objects='artifacts\\serialized_object\\book_names.pkl', book_pivot_serialized_objects='artifacts\\serialized_object\\book_pivot.pkl', final_rating_serialized_objects='artifacts\\serialized_object\\final_rating.pkl', trained_model_path='artifacts\\trained_model\\model.pkl')
[2026-03-07 02:57:36,892] root - INFO - Model Recommendation Config: ModelRecommendationConfig(book_name_serialized_objects='artifacts\\serialized_object\\book_names.pkl', book_pivot_serialized_objects='artifacts\\serialized_object\\book_pivot.pkl', final_rating_serialized_objects='artifacts\\serialized_object\\final_rating.pkl', trained_model_path='artifacts\\trained_model\\model.pkl')
[2026-03-07 02:57:39,733] root - INFO - Model Recommendation Config: ModelRecommendationConfig(book_name_serialized_objects='artifacts\\serialized_object\\book_names.pkl', book_pivot_serialized_objects='artifacts\\serialized_object\\book_pivot.pkl', final_rating_serialized_objects='artifacts\\serialized_object\\final_rating.pkl', trained_model_path='artifacts\\trained_model\\model.pkl')
[2026-03-07 02:57:40,689] root - INFO - Model Recommendation Config: ModelRecommendationConfig(book_name_serialized_objects='artifacts\\serialized_object\\book_names.pkl', book_pivot_serialized_objects='artifacts\\serialized_object\\book_pivot.pkl', final_rating_serialized_objects='artifacts\\serialized_object\\final_rating.pkl', trained_model_path='artifacts\\trained_model\\model.pkl')
[2026-03-07 02:58:03,088] root - INFO - Model Recommendation Config: ModelRecommendationConfig(book_name_serialized_objects='artifacts\\serialized_object\\book_names.pkl', book_pivot_serialized_objects='artifacts\\serialized_object\\book_pivot.pkl', final_rating_serialized_objects='artifacts\\serialized_object\\final_rating.pkl', trained_model_path='artifacts\\trained_model\\model.pkl')
[2026-03-07 02:58:04,589] root - INFO - Model Recommendation Config: ModelRecommendationConfig(book_name_serialized_objects='artifacts\\serialized_object\\book_names.pkl', book_pivot_serialized_objects='artifacts\\serialized_object\\book_pivot.pkl', final_rating_serialized_objects='artifacts\\serialized_object\\final_rating.pkl', trained_model_path='artifacts\\trained_model\\model.pkl')
[2026-03-07 03:01:19,328] root - INFO - Model Recommendation Config: ModelRecommendationConfig(book_name_serialized_objects='artifacts\\serialized_object\\book_names.pkl', book_pivot_serialized_objects='artifacts\\serialized_object\\book_pivot.pkl', final_rating_serialized_objects='artifacts\\serialized_object\\final_rating.pkl', trained_model_path='artifacts\\trained_model\\model.pkl')
[2026-03-07 03:01:25,233] root - INFO - Model Recommendation Config: ModelRecommendationConfig(book_name_serialized_objects='artifacts\\serialized_object\\book_names.pkl', book_pivot_serialized_objects='artifacts\\serialized_object\\book_pivot.pkl', final_rating_serialized_objects='artifacts\\serialized_object\\final_rating.pkl', trained_model_path='artifacts\\trained_model\\model.pkl')
[2026-03-07 03:03:08,958] root - INFO - Model Recommendation Config: ModelRecommendationConfig(book_name_serialized_objects='artifacts\\serialized_object\\book_names.pkl', book_pivot_serialized_objects='artifacts\\serialized_object\\book_pivot.pkl', final_rating_serialized_objects='artifacts\\serialized_object\\final_rating.pkl', trained_model_path='artifacts\\trained_model\\model.pkl')
[2026-03-07 03:03:18,259] root - INFO - Model Recommendation Config: ModelRecommendationConfig(book_name_serialized_objects='artifacts\\serialized_object\\book_names.pkl', book_pivot_serialized_objects='artifacts\\serialized_object\\book_pivot.pkl', final_rating_serialized_objects='artifacts\\serialized_object\\final_rating.pkl', trained_model_path='artifacts\\trained_model\\model.pkl')
[2026-03-07 03:05:00,677] root - INFO - Model Recommendation Config: ModelRecommendationConfig(book_name_serialized_objects='artifacts\\serialized_object\\book_names.pkl', book_pivot_serialized_objects='artifacts\\serialized_object\\book_pivot.pkl', final_rating_serialized_objects='artifacts\\serialized_object\\final_rating.pkl', trained_model_path='artifacts\\trained_model\\model.pkl')
[2026-03-07 03:05:08,445] root - INFO - Model Recommendation Config: ModelRecommendationConfig(book_name_serialized_objects='artifacts\\serialized_object\\book_names.pkl', book_pivot_serialized_objects='artifacts\\serialized_object\\book_pivot.pkl', final_rating_serialized_objects='artifacts\\serialized_object\\final_rating.pkl', trained_model_path='artifacts\\trained_model\\model.pkl')
[2026-03-07 03:06:51,520] root - INFO - Model Recommendation Config: ModelRecommendationConfig(book_name_serialized_objects='artifacts\\serialized_object\\book_names.pkl', book_pivot_serialized_objects='artifacts\\serialized_object\\book_pivot.pkl', final_rating_serialized_objects='artifacts\\serialized_object\\final_rating.pkl', trained_model_path='artifacts\\trained_model\\model.pkl')
[2026-03-07 03:06:51,535] root - INFO - ====================Data Ingestion log started.==================== 
[2026-03-07 03:06:51,540] root - INFO - Data Ingestion Config: DatasetConfig(dataset_download_url='https://github.com/Zendin110206/End-to-End-Book-Recommendation-System/raw/main/book_data.zip', raw_data_dir='artifacts\\dataset\\raw_data', ingested_dir='artifacts\\dataset\\ingested_data')
[2026-03-07 03:06:51,544] root - INFO - Data Validation Config: DataValidationConfig(clean_data_dir='artifacts\\dataset\\clean_data', serialized_objects_dir='artifacts\\serialized_object', books_csv_file='artifacts\\dataset\\ingested_data\\BX-Books.csv', ratings_csv_file='artifacts\\dataset\\ingested_data\\BX-Book-Ratings.csv')
[2026-03-07 03:06:51,548] root - INFO - Data Transformation Config: DataTransformationConfig(clean_data_file_path='artifacts\\dataset\\clean_data\\clean_data.csv', transformed_data_dir='artifacts\\dataset\\transformed_data')
[2026-03-07 03:06:51,549] root - INFO - Data Validation Config: DataValidationConfig(clean_data_dir='artifacts\\dataset\\clean_data', serialized_objects_dir='artifacts\\serialized_object', books_csv_file='artifacts\\dataset\\ingested_data\\BX-Books.csv', ratings_csv_file='artifacts\\dataset\\ingested_data\\BX-Book-Ratings.csv')
[2026-03-07 03:06:51,553] root - INFO - Model Trainer Config: ModelTrainerConfig(transformed_data_file_dir='artifacts\\dataset\\transformed_data\\transformed_data.pkl', trained_model_dir='artifacts\\trained_model', trained_model_name='model.pkl')
[2026-03-07 03:06:51,555] root - INFO - Downloading data from https://github.com/Zendin110206/End-to-End-Book-Recommendation-System/raw/main/book_data.zip into file artifacts\dataset\raw_data\book_data.zip
[2026-03-07 03:07:01,010] root - INFO - Downloaded data from https://github.com/Zendin110206/End-to-End-Book-Recommendation-System/raw/main/book_data.zip into file artifacts\dataset\raw_data\book_data.zip
[2026-03-07 03:07:01,960] root - INFO - Extracting zip file: artifacts\dataset\raw_data\book_data.zip into dir: artifacts\dataset\ingested_data
[2026-03-07 03:07:01,960] root - INFO - ====================Data Ingestion log completed.==================== 


[2026-03-07 03:07:01,960] root - INFO - ====================Data Validation log started.==================== 
[2026-03-07 03:07:06,134] root - INFO -  Shape of ratings data file: (1149780, 3)
[2026-03-07 03:07:06,134] root - INFO -  Shape of books data file: (271360, 8)
[2026-03-07 03:07:08,042] root - INFO -  Shape of the final clean dataset: (59850, 9)
[2026-03-07 03:07:08,855] root - INFO - Saved cleaned data to artifacts\dataset\clean_data\clean_data.csv
[2026-03-07 03:07:08,902] root - INFO - Saved final_rating serialization object to artifacts\serialized_object
[2026-03-07 03:07:09,003] root - INFO - ====================Data Validation log completed.==================== 


[2026-03-07 03:07:09,003] root - INFO - Starting data transformation process...
[2026-03-07 03:07:09,318] root - INFO -  Shape of the pivot table: (742, 888)
[2026-03-07 03:07:09,333] root - INFO - Data transformation completed successfully.
[2026-03-07 03:07:09,342] root - INFO - Transformed data saved at: artifacts\dataset\transformed_data\transformed_data.pkl
[2026-03-07 03:07:09,345] root - INFO - Saved book_names serialization object to artifacts\serialized_object
[2026-03-07 03:07:09,355] root - INFO - Saved book_pivot serialization object to artifacts\serialized_object
[2026-03-07 03:07:09,356] root - INFO - Data transformation process completed.
[2026-03-07 03:07:09,357] root - INFO - ====================Model Trainer log started.==================== 
[2026-03-07 03:07:09,394] root - INFO - Saving final model to artifacts\trained_model\model.pkl
[2026-03-07 03:07:09,395] root - INFO - ====================Model Trainer log completed.==================== 


[2026-03-07 03:07:09,395] root - INFO - Model trained successfully via UI!
[2026-03-07 03:07:09,531] root - INFO - Model Recommendation Config: ModelRecommendationConfig(book_name_serialized_objects='artifacts\\serialized_object\\book_names.pkl', book_pivot_serialized_objects='artifacts\\serialized_object\\book_pivot.pkl', final_rating_serialized_objects='artifacts\\serialized_object\\final_rating.pkl', trained_model_path='artifacts\\trained_model\\model.pkl')
[2026-03-07 03:07:18,321] root - INFO - Model Recommendation Config: ModelRecommendationConfig(book_name_serialized_objects='artifacts\\serialized_object\\book_names.pkl', book_pivot_serialized_objects='artifacts\\serialized_object\\book_pivot.pkl', final_rating_serialized_objects='artifacts\\serialized_object\\final_rating.pkl', trained_model_path='artifacts\\trained_model\\model.pkl')
[2026-03-07 03:07:25,895] root - INFO - Model Recommendation Config: ModelRecommendationConfig(book_name_serialized_objects='artifacts\\serialized_object\\book_names.pkl', book_pivot_serialized_objects='artifacts\\serialized_object\\book_pivot.pkl', final_rating_serialized_objects='artifacts\\serialized_object\\final_rating.pkl', trained_model_path='artifacts\\trained_model\\model.pkl')
[2026-03-07 03:07:42,112] root - INFO - Model Recommendation Config: ModelRecommendationConfig(book_name_serialized_objects='artifacts\\serialized_object\\book_names.pkl', book_pivot_serialized_objects='artifacts\\serialized_object\\book_pivot.pkl', final_rating_serialized_objects='artifacts\\serialized_object\\final_rating.pkl', trained_model_path='artifacts\\trained_model\\model.pkl')
[2026-03-07 04:01:51,963] root - INFO - Model Recommendation Config: ModelRecommendationConfig(book_name_serialized_objects='artifacts\\serialized_object\\book_names.pkl', book_pivot_serialized_objects='artifacts\\serialized_object\\book_pivot.pkl', final_rating_serialized_objects='artifacts\\serialized_object\\final_rating.pkl', trained_model_path='artifacts\\trained_model\\model.pkl')
[2026-03-07 04:02:15,447] root - INFO - Model Recommendation Config: ModelRecommendationConfig(book_name_serialized_objects='artifacts\\serialized_object\\book_names.pkl', book_pivot_serialized_objects='artifacts\\serialized_object\\book_pivot.pkl', final_rating_serialized_objects='artifacts\\serialized_object\\final_rating.pkl', trained_model_path='artifacts\\trained_model\\model.pkl')
[2026-03-07 04:12:47,503] root - INFO - Model Recommendation Config: ModelRecommendationConfig(book_name_serialized_objects='artifacts\\serialized_object\\book_names.pkl', book_pivot_serialized_objects='artifacts\\serialized_object\\book_pivot.pkl', final_rating_serialized_objects='artifacts\\serialized_object\\final_rating.pkl', trained_model_path='artifacts\\trained_model\\model.pkl')
[2026-03-07 04:14:03,823] root - INFO - Model Recommendation Config: ModelRecommendationConfig(book_name_serialized_objects='artifacts\\serialized_object\\book_names.pkl', book_pivot_serialized_objects='artifacts\\serialized_object\\book_pivot.pkl', final_rating_serialized_objects='artifacts\\serialized_object\\final_rating.pkl', trained_model_path='artifacts\\trained_model\\model.pkl')
[2026-03-07 04:14:10,396] root - INFO - Model Recommendation Config: ModelRecommendationConfig(book_name_serialized_objects='artifacts\\serialized_object\\book_names.pkl', book_pivot_serialized_objects='artifacts\\serialized_object\\book_pivot.pkl', final_rating_serialized_objects='artifacts\\serialized_object\\final_rating.pkl', trained_model_path='artifacts\\trained_model\\model.pkl')
[2026-03-07 04:14:11,223] root - INFO - Model Recommendation Config: ModelRecommendationConfig(book_name_serialized_objects='artifacts\\serialized_object\\book_names.pkl', book_pivot_serialized_objects='artifacts\\serialized_object\\book_pivot.pkl', final_rating_serialized_objects='artifacts\\serialized_object\\final_rating.pkl', trained_model_path='artifacts\\trained_model\\model.pkl')
[2026-03-07 04:14:11,358] root - INFO - Model Recommendation Config: ModelRecommendationConfig(book_name_serialized_objects='artifacts\\serialized_object\\book_names.pkl', book_pivot_serialized_objects='artifacts\\serialized_object\\book_pivot.pkl', final_rating_serialized_objects='artifacts\\serialized_object\\final_rating.pkl', trained_model_path='artifacts\\trained_model\\model.pkl')
